c:\st\stm32cubeide_1.12.1\stm32cubeide\plugins\com.st.stm32cube.ide.mcu.externaltools.gnu-tools-for-stm32.10.3-2021.10.win32_1.0.200.202301161003\tools\bin\../lib/gcc/arm-none-eabi/10.3.1/../../../../arm-none-eabi/include/c++/10.3.1/arm-none-eabi/thumb/v7e-m+fp/hard/bits/gthr-default.h:229:1:int __gthread_key_delete(__gthread_key_t)	16	static
../Drivers/Motor/pid.cpp:52:1:PID::PID(double, double, double, double, double, double)	72	static
../Drivers/Motor/pid.cpp:56:8:double PID::calculate(double, double)	32	static
../Drivers/Motor/pid.cpp:60:1:PID::~PID()	24	static
../Drivers/Motor/pid.cpp:68:1:PIDImpl::PIDImpl(double, double, double, double, double, double)	64	static
../Drivers/Motor/pid.cpp:79:8:double PIDImpl::calculate(double, double)	88	static
../Drivers/Motor/pid.cpp:113:1:PIDImpl::~PIDImpl()	16	static
../Drivers/Motor/pid.cpp:115:1:void __static_initialization_and_destruction_0(int, int)	16	static
../Drivers/Motor/pid.cpp:115:1:cpp)	8	static
../Drivers/Motor/pid.cpp:115:1:cpp)	8	static
