../Drivers/Motor/pid.cpp:25:1:PID::PID()	16	static
../Drivers/Motor/pid.cpp:27:1:PID::PID(double*, double*, double*, double, double, double, PIDPON_TypeDef, PIDCD_TypeDef)	48	static
../Drivers/Motor/pid.cpp:46:1:PID::PID(double*, double*, double*, double, double, double, PIDCD_TypeDef)	56	static
../Drivers/Motor/pid.cpp:49:6:void PID::Init()	16	static
../Drivers/Motor/pid.cpp:67:6:void PID::Init(double*, double*, double*, double, double, double, PIDPON_TypeDef, PIDCD_TypeDef)	48	static
../Drivers/Motor/pid.cpp:86:6:void PID::Init(double*, double*, double*, double, double, double, PIDCD_TypeDef)	56	static
../Drivers/Motor/pid.cpp:92:9:uint8_t PID::Compute()	64	static
../Drivers/Motor/pid.cpp:178:17:void PID::SetMode(PIDMode_TypeDef)	24	static
../Drivers/Motor/pid.cpp:192:17:PIDMode_TypeDef PID::GetMode()	16	static
../Drivers/Motor/pid.cpp:198:6:void PID::SetOutputLimits(double, double)	32	static
../Drivers/Motor/pid.cpp:240:6:void PID::SetTunings(double, double, double)	40	static
../Drivers/Motor/pid.cpp:244:6:void PID::SetTunings(double, double, double, PIDPON_TypeDef)	48	static
../Drivers/Motor/pid.cpp:283:15:void PID::SetControllerDirection(PIDCD_TypeDef)	16	static
../Drivers/Motor/pid.cpp:298:15:PIDCD_TypeDef PID::GetDirection()	16	static
../Drivers/Motor/pid.cpp:304:6:void PID::SetSampleTime(int32_t)	32	static
../Drivers/Motor/pid.cpp:324:8:double PID::GetKp()	16	static
../Drivers/Motor/pid.cpp:328:8:double PID::GetKi()	16	static
../Drivers/Motor/pid.cpp:332:8:double PID::GetKd()	16	static
