../Drivers/Motor/movingAvg.h:12:9:movingAvg::movingAvg(int)	16	static
../Drivers/Motor/RoverArmMotor.h:16:3:Pin::Pin()	16	static
../Drivers/Motor/RoverArmMotor.cpp:11:1:RoverArmMotor::RoverArmMotor(Pin, Pin, Pin, int, double, double, Pin)	56	static
../Drivers/Motor/RoverArmMotor.cpp:26:6:void RoverArmMotor::begin(double, double, double, double, double, double)	64	static
../Drivers/Motor/RoverArmMotor.cpp:88:6:void RoverArmMotor::tick()	32	static
../Drivers/Motor/RoverArmMotor.cpp:168:6:bool RoverArmMotor::setMultiplierBool(bool, double)	32	static
../Drivers/Motor/RoverArmMotor.cpp:177:8:double RoverArmMotor::getSetpoint()	16	static
../Drivers/Motor/RoverArmMotor.cpp:181:6:bool RoverArmMotor::newSetpoint(double)	32	static
../Drivers/Motor/RoverArmMotor.cpp:191:5:int RoverArmMotor::getDirection()	16	static
../Drivers/Motor/RoverArmMotor.cpp:200:6:void RoverArmMotor::setAngleLimits(double, double)	32	static
../Drivers/Motor/RoverArmMotor.cpp:205:6:void RoverArmMotor::disengageBrake()	16	static
../Drivers/Motor/RoverArmMotor.cpp:212:6:void RoverArmMotor::engageBrake()	16	static
../Drivers/Motor/RoverArmMotor.cpp:219:8:double RoverArmMotor::getCurrentAngle()	16	static
../Drivers/Motor/RoverArmMotor.cpp:223:8:double RoverArmMotor::getCurrentOutput()	16	static
../Drivers/Motor/RoverArmMotor.cpp:227:8:double RoverArmMotor::mapFloat(float, float, float, float, float)	40	static
../Drivers/Motor/RoverArmMotor.cpp:233:8:double RoverArmMotor::getRatio()	16	static
../Drivers/Motor/RoverArmMotor.cpp:237:6:void RoverArmMotor::WatchdogISR()	16	static
