../Drivers/Motor/RoverArmMotor.h:17:5:Pin::Pin()	16	static
../Drivers/Motor/RoverArmMotor.h:18:5:Pin::Pin(GPIO_TypeDef*, uint16_t)	24	static
../Drivers/Motor/RoverArmMotor.h:19:5:Pin::Pin(GPIO_TypeDef*, uint16_t, TIM_HandleTypeDef*, unsigned int)	24	static
../Core/Src/main.cpp:69:6:void print(const char*)	24	static
../Core/Src/main.cpp:74:5:)	272	static
../Core/Src/main.cpp:86:6:void delay_us(uint16_t)	16	static
../Core/Src/main.cpp:111:5:int main()	56	static
../Core/Src/main.cpp:347:6:void SystemClock_Config()	96	static
../Core/Src/main.cpp:394:6:void HAL_GPIO_EXTI_Callback(uint16_t)	16	static
../Core/Src/main.cpp:416:6:void Error_Handler()	4	static,ignoring_inline_asm
../Core/Src/main.cpp:425:1:void __static_initialization_and_destruction_0(int, int)	104	static
../Core/Src/main.cpp:425:1:cpp)	8	static
