../Drivers/Motor/RoverArmMotor.h:17:5:Pin::Pin()	16	static
../Drivers/Motor/RoverArmMotor.h:18:5:Pin::Pin(GPIO_TypeDef*, uint16_t)	24	static
../Drivers/Motor/RoverArmMotor.h:19:5:Pin::Pin(GPIO_TypeDef*, uint16_t, TIM_HandleTypeDef*, unsigned int)	24	static
c:\st\stm32cubeide_1.12.1\stm32cubeide\plugins\com.st.stm32cube.ide.mcu.externaltools.gnu-tools-for-stm32.10.3-2021.10.win32_1.0.200.202301161003\tools\bin\../lib/gcc/arm-none-eabi/10.3.1/../../../../arm-none-eabi/include/c++/10.3.1/arm-none-eabi/thumb/v7e-m+fp/hard/bits/gthr-default.h:229:1:int __gthread_key_delete(__gthread_key_t)	16	static
c:\st\stm32cubeide_1.12.1\stm32cubeide\plugins\com.st.stm32cube.ide.mcu.externaltools.gnu-tools-for-stm32.10.3-2021.10.win32_1.0.200.202301161003\tools\arm-none-eabi\include\c++\10.3.1\limits:1710:7:static constexpr float std::numeric_limits<float>::infinity()	4	static
../Core/Src/main.cpp:84:6:void print(const char*)	24	static
../Core/Src/main.cpp:90:5:)	272	static
../Core/Src/main.cpp:103:6:void delay_us(uint16_t)	16	static
../Core/Src/main.cpp:128:13:void print_MOTOR(char*, RoverArmMotor*)	48	static
../Core/Src/main.cpp:154:5:int main()	40	static
../Core/Src/main.cpp:240:6:void SystemClock_Config()	96	static
../Core/Src/main.cpp:286:6:void HAL_GPIO_EXTI_Callback(uint16_t)	16	static
../Core/Src/main.cpp:307:6:void HAL_UART_RxCpltCallback(UART_HandleTypeDef*)	48	static
../Core/Src/main.cpp:363:6:void HAL_TIM_PeriodElapsedCallback(TIM_HandleTypeDef*)	16	static
../Core/Src/main.cpp:378:6:void Error_Handler()	4	static,ignoring_inline_asm
../Core/Src/main.cpp:387:1:void __static_initialization_and_destruction_0(int, int)	120	static
../Core/Src/main.cpp:387:1:cpp)	8	static
